
-- Running command `read_verilog -sv rtl/ready_valid_buffer.sv; hierarchy -check -top ready_valid_buffer; synth -top ready_valid_buffer; check -assert' --

1. Executing Verilog-2005 frontend: rtl/ready_valid_buffer.sv
Parsing SystemVerilog input from `rtl/ready_valid_buffer.sv' to AST representation.
Generating RTLIL representation for module `\ready_valid_buffer'.
Successfully finished Verilog frontend.

2. Executing HIERARCHY pass (managing design hierarchy).

2.1. Analyzing design hierarchy..
Top module:  \ready_valid_buffer

2.2. Analyzing design hierarchy..
Top module:  \ready_valid_buffer
Removed 0 unused modules.

3. Executing SYNTH pass.

3.1. Executing HIERARCHY pass (managing design hierarchy).

3.1.1. Analyzing design hierarchy..
Top module:  \ready_valid_buffer

3.1.2. Analyzing design hierarchy..
Top module:  \ready_valid_buffer
Removed 0 unused modules.

3.2. Executing PROC pass (convert processes to netlists).

3.2.1. Executing PROC_CLEAN pass (remove empty switches from decision trees).
Cleaned up 0 empty switches.

3.2.2. Executing PROC_RMDEAD pass (remove dead branches from decision trees).
Marked 1 switch rules as full_case in process $proc$rtl/ready_valid_buffer.sv:22$3 in module ready_valid_buffer.
Removed a total of 0 dead cases.

3.2.3. Executing PROC_PRUNE pass (remove redundant assignments in processes).
Removed 0 redundant assignments.
Promoted 0 assignments to connections.

3.2.4. Executing PROC_INIT pass (extract init attributes).

3.2.5. Executing PROC_ARST pass (detect async resets in processes).

3.2.6. Executing PROC_ROM pass (convert switches to ROMs).
Converted 0 switches.
<suppressed ~3 debug messages>

3.2.7. Executing PROC_MUX pass (convert decision trees to multiplexers).
Creating decoders for process `\ready_valid_buffer.$proc$rtl/ready_valid_buffer.sv:22$3'.
     1/2: $0\data_q[7:0]
     2/2: $0\full_q[0:0]

3.2.8. Executing PROC_DLATCH pass (convert process syncs to latches).

3.2.9. Executing PROC_DFF pass (convert process syncs to FFs).
Creating register for signal `\ready_valid_buffer.\full_q' using process `\ready_valid_buffer.$proc$rtl/ready_valid_buffer.sv:22$3'.
  created $dff cell `$procdff$16' with positive edge clock.
Creating register for signal `\ready_valid_buffer.\data_q' using process `\ready_valid_buffer.$proc$rtl/ready_valid_buffer.sv:22$3'.
  created $dff cell `$procdff$17' with positive edge clock.

3.2.10. Executing PROC_MEMWR pass (convert process memory writes to cells).

3.2.11. Executing PROC_CLEAN pass (remove empty switches from decision trees).
Found and cleaned up 3 empty switches in `\ready_valid_buffer.$proc$rtl/ready_valid_buffer.sv:22$3'.
Removing empty process `ready_valid_buffer.$proc$rtl/ready_valid_buffer.sv:22$3'.
Cleaned up 3 empty switches.

3.2.12. Executing OPT_EXPR pass (perform const folding).
Optimizing module ready_valid_buffer.

3.3. Executing OPT_EXPR pass (perform const folding).
Optimizing module ready_valid_buffer.

3.4. Executing OPT_CLEAN pass (remove unused cells and wires).
Finding unused cells or wires in module \ready_valid_buffer..
Removed 0 unused cells and 8 unused wires.
<suppressed ~1 debug messages>

3.5. Executing CHECK pass (checking for obvious problems).
Checking module ready_valid_buffer...
Found and reported 0 problems.

3.6. Executing OPT pass (performing simple optimizations).

3.6.1. Executing OPT_EXPR pass (perform const folding).
Optimizing module ready_valid_buffer.

3.6.2. Executing OPT_MERGE pass (detect identical cells).
Finding identical cells in module `\ready_valid_buffer'.
Computing hashes of 9 cells of `\ready_valid_buffer'.
Finding duplicate cells in `\ready_valid_buffer'.
Removed a total of 0 cells.

3.6.3. Executing OPT_MUXTREE pass (detect dead branches in mux trees).
Running muxtree optimizer on module \ready_valid_buffer..
  Creating internal representation of mux trees.
  Evaluating internal representation of mux trees.
  Analyzing evaluation results.
Removed 0 multiplexer ports.
<suppressed ~7 debug messages>

3.6.4. Executing OPT_REDUCE pass (consolidate $*mux and $reduce_* inputs).
  Optimizing cells in module \ready_valid_buffer.
Performed a total of 0 changes.

3.6.5. Executing OPT_MERGE pass (detect identical cells).
Finding identical cells in module `\ready_valid_buffer'.
Computing hashes of 9 cells of `\ready_valid_buffer'.
Finding duplicate cells in `\ready_valid_buffer'.
Removed a total of 0 cells.

3.6.6. Executing OPT_DFF pass (perform DFF optimizations).

3.6.7. Executing OPT_CLEAN pass (remove unused cells and wires).
Finding unused cells or wires in module \ready_valid_buffer..

3.6.8. Executing OPT_EXPR pass (perform const folding).
Optimizing module ready_valid_buffer.

3.6.9. Finished fast OPT passes. (There is nothing left to do.)

3.7. Executing FSM pass (extract and optimize FSM).

3.7.1. Executing FSM_DETECT pass (finding FSMs in design).

3.7.2. Executing FSM_EXTRACT pass (extracting FSM from design).

3.7.3. Executing FSM_OPT pass (simple optimizations of FSMs).

3.7.4. Executing OPT_CLEAN pass (remove unused cells and wires).
Finding unused cells or wires in module \ready_valid_buffer..

3.7.5. Executing FSM_OPT pass (simple optimizations of FSMs).

3.7.6. Executing FSM_RECODE pass (re-assigning FSM state encoding).

3.7.7. Executing FSM_INFO pass (dumping all available information on FSM cells).

3.7.8. Executing FSM_MAP pass (mapping FSMs to basic logic).

3.8. Executing OPT pass (performing simple optimizations).

3.8.1. Executing OPT_EXPR pass (perform const folding).
Optimizing module ready_valid_buffer.

3.8.2. Executing OPT_MERGE pass (detect identical cells).
Finding identical cells in module `\ready_valid_buffer'.
Computing hashes of 9 cells of `\ready_valid_buffer'.
Finding duplicate cells in `\ready_valid_buffer'.
Removed a total of 0 cells.

3.8.3. Executing OPT_MUXTREE pass (detect dead branches in mux trees).
Running muxtree optimizer on module \ready_valid_buffer..
  Creating internal representation of mux trees.
  Evaluating internal representation of mux trees.
  Analyzing evaluation results.
Removed 0 multiplexer ports.
<suppressed ~7 debug messages>

3.8.4. Executing OPT_REDUCE pass (consolidate $*mux and $reduce_* inputs).
  Optimizing cells in module \ready_valid_buffer.
Performed a total of 0 changes.

3.8.5. Executing OPT_MERGE pass (detect identical cells).
Finding identical cells in module `\ready_valid_buffer'.
Computing hashes of 9 cells of `\ready_valid_buffer'.
Finding duplicate cells in `\ready_valid_buffer'.
Removed a total of 0 cells.

3.8.6. Executing OPT_DFF pass (perform DFF optimizations).
Adding SRST signal on $procdff$16 ($dff) from module ready_valid_buffer (D = $procmux$11_Y, Q = \full_q, rval = 1'0).
Adding EN signal on $auto$ff.cc:337:slice$18 ($sdff) from module ready_valid_buffer (D = \in_valid, Q = \full_q).
Adding SRST signal on $procdff$17 ($dff) from module ready_valid_buffer (D = $procmux$6_Y, Q = \data_q, rval = 8'00000000).
Adding EN signal on $auto$ff.cc:337:slice$20 ($sdff) from module ready_valid_buffer (D = \in_data, Q = \data_q).

3.8.7. Executing OPT_CLEAN pass (remove unused cells and wires).
Finding unused cells or wires in module \ready_valid_buffer..
Removed 5 unused cells and 5 unused wires.
<suppressed ~6 debug messages>

3.8.8. Executing OPT_EXPR pass (perform const folding).
Optimizing module ready_valid_buffer.

3.8.9. Rerunning OPT passes. (Maybe there is more to do..)

3.8.10. Executing OPT_MUXTREE pass (detect dead branches in mux trees).
Running muxtree optimizer on module \ready_valid_buffer..
  Creating internal representation of mux trees.
  No muxes found in this module.
Removed 0 multiplexer ports.

3.8.11. Executing OPT_REDUCE pass (consolidate $*mux and $reduce_* inputs).
  Optimizing cells in module \ready_valid_buffer.
Performed a total of 0 changes.

3.8.12. Executing OPT_MERGE pass (detect identical cells).
Finding identical cells in module `\ready_valid_buffer'.
Computing hashes of 5 cells of `\ready_valid_buffer'.
Finding duplicate cells in `\ready_valid_buffer'.
Removed a total of 0 cells.

3.8.13. Executing OPT_DFF pass (perform DFF optimizations).

3.8.14. Executing OPT_CLEAN pass (remove unused cells and wires).
Finding unused cells or wires in module \ready_valid_buffer..

3.8.15. Executing OPT_EXPR pass (perform const folding).
Optimizing module ready_valid_buffer.

3.8.16. Finished fast OPT passes. (There is nothing left to do.)

3.9. Executing WREDUCE pass (reducing word size of cells).

3.10. Executing PEEPOPT pass (run peephole optimizers).

3.11. Executing OPT_CLEAN pass (remove unused cells and wires).
Finding unused cells or wires in module \ready_valid_buffer..

3.12. Executing ALUMACC pass (create $alu and $macc cells).
Extracting $alu and $macc cells in module ready_valid_buffer:
  created 0 $alu and 0 $macc cells.

3.13. Executing SHARE pass (SAT-based resource sharing).

3.14. Executing OPT pass (performing simple optimizations).

3.14.1. Executing OPT_EXPR pass (perform const folding).
Optimizing module ready_valid_buffer.

3.14.2. Executing OPT_MERGE pass (detect identical cells).
Finding identical cells in module `\ready_valid_buffer'.
Computing hashes of 5 cells of `\ready_valid_buffer'.
Finding duplicate cells in `\ready_valid_buffer'.
Removed a total of 0 cells.

3.14.3. Executing OPT_MUXTREE pass (detect dead branches in mux trees).
Running muxtree optimizer on module \ready_valid_buffer..
  Creating internal representation of mux trees.
  No muxes found in this module.
Removed 0 multiplexer ports.

3.14.4. Executing OPT_REDUCE pass (consolidate $*mux and $reduce_* inputs).
  Optimizing cells in module \ready_valid_buffer.
Performed a total of 0 changes.

3.14.5. Executing OPT_MERGE pass (detect identical cells).
Finding identical cells in module `\ready_valid_buffer'.
Computing hashes of 5 cells of `\ready_valid_buffer'.
Finding duplicate cells in `\ready_valid_buffer'.
Removed a total of 0 cells.

3.14.6. Executing OPT_DFF pass (perform DFF optimizations).

3.14.7. Executing OPT_CLEAN pass (remove unused cells and wires).
Finding unused cells or wires in module \ready_valid_buffer..

3.14.8. Executing OPT_EXPR pass (perform const folding).
Optimizing module ready_valid_buffer.

3.14.9. Finished fast OPT passes. (There is nothing left to do.)

3.15. Executing MEMORY pass.

3.15.1. Executing OPT_MEM pass (optimize memories).
Performed a total of 0 transformations.

3.15.2. Executing OPT_MEM_PRIORITY pass (removing unnecessary memory write priority relations).
Performed a total of 0 transformations.

3.15.3. Executing OPT_MEM_FEEDBACK pass (finding memory read-to-write feedback paths).

3.15.4. Executing MEMORY_BMUX2ROM pass (converting muxes to ROMs).

3.15.5. Executing MEMORY_DFF pass (merging $dff cells to $memrd).

3.15.6. Executing OPT_CLEAN pass (remove unused cells and wires).
Finding unused cells or wires in module \ready_valid_buffer..

3.15.7. Executing MEMORY_SHARE pass (consolidating $memrd/$memwr cells).

3.15.8. Executing OPT_MEM_WIDEN pass (optimize memories where all ports are wide).
Performed a total of 0 transformations.

3.15.9. Executing OPT_CLEAN pass (remove unused cells and wires).
Finding unused cells or wires in module \ready_valid_buffer..

3.15.10. Executing MEMORY_COLLECT pass (generating $mem cells).

3.16. Executing OPT_CLEAN pass (remove unused cells and wires).
Finding unused cells or wires in module \ready_valid_buffer..

3.17. Executing OPT pass (performing simple optimizations).

3.17.1. Executing OPT_EXPR pass (perform const folding).
Optimizing module ready_valid_buffer.

3.17.2. Executing OPT_MERGE pass (detect identical cells).
Finding identical cells in module `\ready_valid_buffer'.
Computing hashes of 5 cells of `\ready_valid_buffer'.
Finding duplicate cells in `\ready_valid_buffer'.
Removed a total of 0 cells.

3.17.3. Executing OPT_DFF pass (perform DFF optimizations).

3.17.4. Executing OPT_CLEAN pass (remove unused cells and wires).
Finding unused cells or wires in module \ready_valid_buffer..

3.17.5. Finished fast OPT passes.

3.18. Executing MEMORY_MAP pass (converting memories to logic and flip-flops).

3.19. Executing OPT pass (performing simple optimizations).

3.19.1. Executing OPT_EXPR pass (perform const folding).
Optimizing module ready_valid_buffer.

3.19.2. Executing OPT_MERGE pass (detect identical cells).
Finding identical cells in module `\ready_valid_buffer'.
Computing hashes of 5 cells of `\ready_valid_buffer'.
Finding duplicate cells in `\ready_valid_buffer'.
Removed a total of 0 cells.

3.19.3. Executing OPT_MUXTREE pass (detect dead branches in mux trees).
Running muxtree optimizer on module \ready_valid_buffer..
  Creating internal representation of mux trees.
  No muxes found in this module.
Removed 0 multiplexer ports.

3.19.4. Executing OPT_REDUCE pass (consolidate $*mux and $reduce_* inputs).
  Optimizing cells in module \ready_valid_buffer.
Performed a total of 0 changes.

3.19.5. Executing OPT_MERGE pass (detect identical cells).
Finding identical cells in module `\ready_valid_buffer'.
Computing hashes of 5 cells of `\ready_valid_buffer'.
Finding duplicate cells in `\ready_valid_buffer'.
Removed a total of 0 cells.

3.19.6. Executing OPT_SHARE pass.

3.19.7. Executing OPT_DFF pass (perform DFF optimizations).

3.19.8. Executing OPT_CLEAN pass (remove unused cells and wires).
Finding unused cells or wires in module \ready_valid_buffer..

3.19.9. Executing OPT_EXPR pass (perform const folding).
Optimizing module ready_valid_buffer.

3.19.10. Finished fast OPT passes. (There is nothing left to do.)

3.20. Executing TECHMAP pass (map to technology primitives).

3.20.1. Executing Verilog-2005 frontend: /opt/homebrew/bin/../share/yosys/techmap.v
Parsing Verilog input from `/opt/homebrew/bin/../share/yosys/techmap.v' to AST representation.
Generating RTLIL representation for module `\_90_simplemap_bool_ops'.
Generating RTLIL representation for module `\_90_simplemap_reduce_ops'.
Generating RTLIL representation for module `\_90_simplemap_logic_ops'.
Generating RTLIL representation for module `\_90_simplemap_compare_ops'.
Generating RTLIL representation for module `\_90_simplemap_various'.
Generating RTLIL representation for module `\_90_simplemap_registers'.
Generating RTLIL representation for module `\_90_shift_ops_shr_shl_sshl_sshr'.
Generating RTLIL representation for module `\_90_shift_shiftx'.
Generating RTLIL representation for module `\_90_fa'.
Generating RTLIL representation for module `\_90_lcu_brent_kung'.
Generating RTLIL representation for module `\_90_alu'.
Generating RTLIL representation for module `\_90_macc'.
Generating RTLIL representation for module `\_90_alumacc'.
Generating RTLIL representation for module `$__div_mod_u'.
Generating RTLIL representation for module `$__div_mod_trunc'.
Generating RTLIL representation for module `\_90_div'.
Generating RTLIL representation for module `\_90_mod'.
Generating RTLIL representation for module `$__div_mod_floor'.
Generating RTLIL representation for module `\_90_divfloor'.
Generating RTLIL representation for module `\_90_modfloor'.
Generating RTLIL representation for module `\_90_pow'.
Generating RTLIL representation for module `\_90_demux'.
Generating RTLIL representation for module `\_90_lut'.
Generating RTLIL representation for module `$connect'.
Generating RTLIL representation for module `$input_port'.
Successfully finished Verilog frontend.

3.20.2. Continuing TECHMAP pass.
Using extmapper simplemap for cells of type $reduce_and.
Using extmapper simplemap for cells of type $sdffe.
Using extmapper simplemap for cells of type $logic_not.
Using extmapper simplemap for cells of type $logic_or.
No more expansions possible.
<suppressed ~82 debug messages>

3.21. Executing OPT pass (performing simple optimizations).

3.21.1. Executing OPT_EXPR pass (perform const folding).
Optimizing module ready_valid_buffer.

3.21.2. Executing OPT_MERGE pass (detect identical cells).
Finding identical cells in module `\ready_valid_buffer'.
Computing hashes of 12 cells of `\ready_valid_buffer'.
Finding duplicate cells in `\ready_valid_buffer'.
Removed a total of 0 cells.

3.21.3. Executing OPT_DFF pass (perform DFF optimizations).

3.21.4. Executing OPT_CLEAN pass (remove unused cells and wires).
Finding unused cells or wires in module \ready_valid_buffer..
Removed 0 unused cells and 1 unused wires.
<suppressed ~1 debug messages>

3.21.5. Finished fast OPT passes.

3.22. Executing ABC pass (technology mapping using ABC).

3.22.1. Extracting gate netlist of module `\ready_valid_buffer' to `<abc-temp-dir>/input.blif'..

3.22.1.1. Executed ABC.
Extracted 3 gates and 6 wires to a netlist network with 3 inputs and 2 outputs.
Running ABC script: <abc-temp-dir>/abc.script
ABC: ======== ABC command line "source <abc-temp-dir>/abc.script"
ABC: + read_blif <abc-temp-dir>/input.blif 
ABC: + read_library <abc-temp-dir>/stdcells.genlib 
ABC: + strash 
ABC: + &get -n 
ABC: + &fraig -x 
ABC: + &put 
ABC: + scorr 
ABC: Warning: The network is combinational (run "fraig" or "fraig_sweep").
ABC: + dc2 
ABC: + dretime 
ABC: + strash 
ABC: + &get -n 
ABC: + &dch -f 
ABC: + &nf 
ABC: + &put 
ABC: + write_blif <abc-temp-dir>/output.blif 

3.22.1.2. Re-integrating ABC results.
ABC RESULTS:               AND cells:        1
ABC RESULTS:             ORNOT cells:        1
ABC RESULTS:        internal signals:        1
ABC RESULTS:           input signals:        3
ABC RESULTS:          output signals:        2
Removing temp directory.
Removing global temp directory.

3.23. Executing OPT pass (performing simple optimizations).

3.23.1. Executing OPT_EXPR pass (perform const folding).
Optimizing module ready_valid_buffer.

3.23.2. Executing OPT_MERGE pass (detect identical cells).
Finding identical cells in module `\ready_valid_buffer'.
Computing hashes of 11 cells of `\ready_valid_buffer'.
Finding duplicate cells in `\ready_valid_buffer'.
Removed a total of 0 cells.

3.23.3. Executing OPT_DFF pass (perform DFF optimizations).

3.23.4. Executing OPT_CLEAN pass (remove unused cells and wires).
Finding unused cells or wires in module \ready_valid_buffer..
Removed 0 unused cells and 6 unused wires.
<suppressed ~1 debug messages>

3.23.5. Finished fast OPT passes.

3.24. Executing HIERARCHY pass (managing design hierarchy).
Attribute `top' found on module `ready_valid_buffer'. Setting top module to ready_valid_buffer.

3.24.1. Analyzing design hierarchy..
Top module:  \ready_valid_buffer

3.24.2. Analyzing design hierarchy..
Top module:  \ready_valid_buffer
Removed 0 unused modules.

3.25. Printing statistics.

=== ready_valid_buffer ===

        +----------Local Count, excluding submodules.
        | 
       11 wires
       32 wire bits
       10 public wires
       31 public wire bits
        8 ports
       22 port bits
       11 cells
        1   $_AND_
        1   $_ORNOT_
        9   $_SDFFE_PP0P_

3.26. Executing CHECK pass (checking for obvious problems).
Checking module ready_valid_buffer...
Found and reported 0 problems.

4. Executing CHECK pass (checking for obvious problems).
Checking module ready_valid_buffer...
Found and reported 0 problems.
